// Vitest Snapshot v1, https://vitest.dev/guide/snapshot.html

exports[`getWealthTax > should return the wealth tax for [28000] 1`] = `0`;

exports[`getWealthTax > should return the wealth tax for [50000] 1`] = `0`;

exports[`getWealthTax > should return the wealth tax for [80000] 1`] = `445.88879999999995`;

exports[`getWealthTax > should return the wealth tax for [100000] 1`] = `877.8888`;

exports[`getWealthTax > should return the wealth tax for [120000] 1`] = `1309.8888`;

exports[`getWealthTax > should return the wealth tax for [150000] 1`] = `1957.8888`;

exports[`getWealthTax > should return the wealth tax for [200000] 1`] = `3037.8887999999997`;

exports[`getWealthTax > should return the wealth tax for [950000] 1`] = `19237.888799999997`;

exports[`getWealthTax > should return the wealth tax for [1200000] 1`] = `24637.8888`;

exports[`subtractWealthTax > should subtract wealth tax from [28000] for a couple (50%/50% split) 1`] = `28000`;

exports[`subtractWealthTax > should subtract wealth tax from [28000] for single person 1`] = `28000`;

exports[`subtractWealthTax > should subtract wealth tax from [50000] for a couple (50%/50% split) 1`] = `50000`;

exports[`subtractWealthTax > should subtract wealth tax from [50000] for single person 1`] = `50000`;

exports[`subtractWealthTax > should subtract wealth tax from [80000] for a couple (50%/50% split) 1`] = `80000`;

exports[`subtractWealthTax > should subtract wealth tax from [80000] for single person 1`] = `79554.1112`;

exports[`subtractWealthTax > should subtract wealth tax from [100000] for a couple (50%/50% split) 1`] = `100000`;

exports[`subtractWealthTax > should subtract wealth tax from [100000] for single person 1`] = `99122.1112`;

exports[`subtractWealthTax > should subtract wealth tax from [120000] for a couple (50%/50% split) 1`] = `119972.2224`;

exports[`subtractWealthTax > should subtract wealth tax from [120000] for single person 1`] = `118690.1112`;

exports[`subtractWealthTax > should subtract wealth tax from [950000] for a couple (50%/50% split) 1`] = `932044.2224`;

exports[`subtractWealthTax > should subtract wealth tax from [950000] for single person 1`] = `930762.1112`;

exports[`subtractWealthTax > should subtract wealth tax from [1200000] for a couple (50%/50% split) 1`] = `1176644.2224`;

exports[`subtractWealthTax > should subtract wealth tax from [1200000] for single person 1`] = `1175362.1112`;
